[
  {
    "ID": "alpine-baselayout@3.1.2-r0",
    "Name": "alpine-baselayout",
    "Version": "3.1.2-r0",
    "Arch": "x86_64",
    "SrcName": "alpine-baselayout",
    "SrcVersion": "3.1.2-r0",
    "Licenses": [
      "GPL-2.0"
    ],
    "DependsOn": [
      "busybox@1.30.1-r2",
      "musl@1.1.22-r3"
    ],
    "Layer": {
      "DiffID": "sha256:03901b4a2ea88eeaad62dbe59b072b28b6efa00491962b8741081c5df50c65e0",
      "Digest": "sha256:9d48c3bd43c520dc2784e868a780e976b207cbf493eaff8c6596eb871cbd9609"
    },
    "SystemInstalledFiles": [
      "etc/hosts",
      "etc/sysctl.conf",
      "etc/group",
      "etc/protocols",
      "etc/fstab",
      "etc/mtab",
      "etc/profile",
      "etc/shells",
      "etc/motd",
      "etc/inittab",
      "etc/hostname",
      "etc/modules",
      "etc/services",
      "etc/shadow",
      "etc/passwd",
      "etc/profile.d/color_prompt",
      "etc/sysctl.d/00-alpine.conf",
      "etc/modprobe.d/i386.conf",
      "etc/modprobe.d/blacklist.conf",
      "etc/modprobe.d/aliases.conf",
      "etc/modprobe.d/kms.conf",
      "etc/crontabs/root",
      "sbin/mkmntdirs",
      "var/run",
      "var/spool/cron/crontabs"
    ]
  },
  {
    "ID": "alpine-keys@2.1-r2",
    "Name": "alpine-keys",
    "Version": "2.1-r2",
    "Arch": "x86_64",
    "SrcName": "alpine-keys",
    "SrcVersion": "2.1-r2",
    "Licenses": [
      "MIT"
    ],
    "Layer": {
      "DiffID": "sha256:03901b4a2ea88eeaad62dbe59b072b28b6efa00491962b8741081c5df50c65e0",
      "Digest": "sha256:9d48c3bd43c520dc2784e868a780e976b207cbf493eaff8c6596eb871cbd9609"
    },
    "SystemInstalledFiles": [
      "etc/apk/keys/alpine-devel@lists.alpinelinux.org-5243ef4b.rsa.pub",
      "etc/apk/keys/alpine-devel@lists.alpinelinux.org-5261cecb.rsa.pub",
      "etc/apk/keys/alpine-devel@lists.alpinelinux.org-4a6a0840.rsa.pub",
      "usr/share/apk/keys/alpine-devel@lists.alpinelinux.org-524d27bb.rsa.pub",
      "usr/share/apk/keys/alpine-devel@lists.alpinelinux.org-5243ef4b.rsa.pub",
      "usr/share/apk/keys/alpine-devel@lists.alpinelinux.org-5261cecb.rsa.pub",
      "usr/share/apk/keys/alpine-devel@lists.alpinelinux.org-58cbb476.rsa.pub",
      "usr/share/apk/keys/alpine-devel@lists.alpinelinux.org-58199dcc.rsa.pub",
      "usr/share/apk/keys/alpine-devel@lists.alpinelinux.org-4a6a0840.rsa.pub",
      "usr/share/apk/keys/alpine-devel@lists.alpinelinux.org-58e4f17d.rsa.pub",
      "usr/share/apk/keys/aarch64/alpine-devel@lists.alpinelinux.org-58199dcc.rsa.pub",
      "usr/share/apk/keys/ppc64le/alpine-devel@lists.alpinelinux.org-58cbb476.rsa.pub",
      "usr/share/apk/keys/x86/alpine-devel@lists.alpinelinux.org-5243ef4b.rsa.pub",
      "usr/share/apk/keys/x86/alpine-devel@lists.alpinelinux.org-4a6a0840.rsa.pub",
      "usr/share/apk/keys/s390x/alpine-devel@lists.alpinelinux.org-58e4f17d.rsa.pub",
      "usr/share/apk/keys/armhf/alpine-devel@lists.alpinelinux.org-524d27bb.rsa.pub",
      "usr/share/apk/keys/x86_64/alpine-devel@lists.alpinelinux.org-5261cecb.rsa.pub",
      "usr/share/apk/keys/x86_64/alpine-devel@lists.alpinelinux.org-4a6a0840.rsa.pub"
    ]
  },
  {
    "ID": "apk-tools@2.10.4-r2",
    "Name": "apk-tools",
    "Version": "2.10.4-r2",
    "Arch": "x86_64",
    "SrcName": "apk-tools",
    "SrcVersion": "2.10.4-r2",
    "Licenses": [
      "GPL-2.0"
    ],
    "DependsOn": [
      "libcrypto1.1@1.1.1c-r0",
      "libssl1.1@1.1.1c-r0",
      "musl@1.1.22-r3",
      "zlib@1.2.11-r1"
    ],
    "Layer": {
      "DiffID": "sha256:03901b4a2ea88eeaad62dbe59b072b28b6efa00491962b8741081c5df50c65e0",
      "Digest": "sha256:9d48c3bd43c520dc2784e868a780e976b207cbf493eaff8c6596eb871cbd9609"
    },
    "SystemInstalledFiles": [
      "sbin/apk"
    ]
  },
  {
    "ID": "busybox@1.30.1-r2",
    "Name": "busybox",
    "Version": "1.30.1-r2",
    "Arch": "x86_64",
    "SrcName": "busybox",
    "SrcVersion": "1.30.1-r2",
    "Licenses": [
      "GPL-2.0"
    ],
    "DependsOn": [
      "musl@1.1.22-r3"
    ],
    "Layer": {
      "DiffID": "sha256:03901b4a2ea88eeaad62dbe59b072b28b6efa00491962b8741081c5df50c65e0",
      "Digest": "sha256:9d48c3bd43c520dc2784e868a780e976b207cbf493eaff8c6596eb871cbd9609"
    },
    "SystemInstalledFiles": [
      "bin/busybox",
      "bin/sh",
      "etc/securetty",
      "etc/udhcpd.conf",
      "etc/logrotate.d/acpid",
      "etc/network/if-up.d/dad"
    ]
  },
  {
    "ID": "ca-certificates-cacert@20190108-r0",
    "Name": "ca-certificates-cacert",
    "Version": "20190108-r0",
    "Arch": "x86_64",
    "SrcName": "ca-certificates",
    "SrcVersion": "20190108-r0",
    "Licenses": [
      "MPL-2.0",
      "GPL-2.0"
    ],
    "Layer": {
      "DiffID": "sha256:03901b4a2ea88eeaad62dbe59b072b28b6efa00491962b8741081c5df50c65e0",
      "Digest": "sha256:9d48c3bd43c520dc2784e868a780e976b207cbf493eaff8c6596eb871cbd9609"
    },
    "SystemInstalledFiles": [
      "etc/ssl/cert.pem"
    ]
  },
  {
    "ID": "libc-utils@0.7.1-r0",
    "Name": "libc-utils",
    "Version": "0.7.1-r0",
    "Arch": "x86_64",
    "SrcName": "libc-dev",
    "SrcVersion": "0.7.1-r0",
    "Licenses": [
      "BSD-3-Clause"
    ],
    "DependsOn": [
      "musl-utils@1.1.22-r3"
    ],
    "Layer": {
      "DiffID": "sha256:03901b4a2ea88eeaad62dbe59b072b28b6efa00491962b8741081c5df50c65e0",
      "Digest": "sha256:9d48c3bd43c520dc2784e868a780e976b207cbf493eaff8c6596eb871cbd9609"
    }
  },
  {
    "ID": "libcrypto1.1@1.1.1c-r0",
    "Name": "libcrypto1.1",
    "Version": "1.1.1c-r0",
    "Arch": "x86_64",
    "SrcName": "openssl",
    "SrcVersion": "1.1.1c-r0",
    "Licenses": [
      "OpenSSL"
    ],
    "DependsOn": [
      "musl@1.1.22-r3"
    ],
    "Layer": {
      "DiffID": "sha256:03901b4a2ea88eeaad62dbe59b072b28b6efa00491962b8741081c5df50c65e0",
      "Digest": "sha256:9d48c3bd43c520dc2784e868a780e976b207cbf493eaff8c6596eb871cbd9609"
    },
    "SystemInstalledFiles": [
      "etc/ssl/openssl.cnf.dist",
      "etc/ssl/ct_log_list.cnf",
      "etc/ssl/ct_log_list.cnf.dist",
      "etc/ssl/openssl.cnf",
      "etc/ssl/misc/CA.pl",
      "etc/ssl/misc/tsget.pl",
      "etc/ssl/misc/tsget",
      "lib/libcrypto.so.1.1",
      "usr/lib/libcrypto.so.1.1",
      "usr/lib/engines-1.1/capi.so",
      "usr/lib/engines-1.1/padlock.so",
      "usr/lib/engines-1.1/afalg.so"
    ]
  },
  {
    "ID": "libssl1.1@1.1.1c-r0",
    "Name": "libssl1.1",
    "Version": "1.1.1c-r0",
    "Arch": "x86_64",
    "SrcName": "openssl",
    "SrcVersion": "1.1.1c-r0",
    "Licenses": [
      "OpenSSL"
    ],
    "DependsOn": [
      "libcrypto1.1@1.1.1c-r0",
      "musl@1.1.22-r3"
    ],
    "Layer": {
      "DiffID": "sha256:03901b4a2ea88eeaad62dbe59b072b28b6efa00491962b8741081c5df50c65e0",
      "Digest": "sha256:9d48c3bd43c520dc2784e868a780e976b207cbf493eaff8c6596eb871cbd9609"
    },
    "SystemInstalledFiles": [
      "lib/libssl.so.1.1",
      "usr/lib/libssl.so.1.1"
    ]
  },
  {
    "ID": "libtls-standalone@2.9.1-r0",
    "Name": "libtls-standalone",
    "Version": "2.9.1-r0",
    "Arch": "x86_64",
    "SrcName": "libtls-standalone",
    "SrcVersion": "2.9.1-r0",
    "Licenses": [
      "ISC"
    ],
    "DependsOn": [
      "ca-certificates-cacert@20190108-r0",
      "libcrypto1.1@1.1.1c-r0",
      "libssl1.1@1.1.1c-r0",
      "musl@1.1.22-r3"
    ],
    "Layer": {
      "DiffID": "sha256:03901b4a2ea88eeaad62dbe59b072b28b6efa00491962b8741081c5df50c65e0",
      "Digest": "sha256:9d48c3bd43c520dc2784e868a780e976b207cbf493eaff8c6596eb871cbd9609"
    },
    "SystemInstalledFiles": [
      "usr/lib/libtls-standalone.so.1.0.0",
      "usr/lib/libtls-standalone.so.1"
    ]
  },
  {
    "ID": "musl@1.1.22-r3",
    "Name": "musl",
    "Version": "1.1.22-r3",
    "Arch": "x86_64",
    "SrcName": "musl",
    "SrcVersion": "1.1.22-r3",
    "Licenses": [
      "MIT"
    ],
    "Layer": {
      "DiffID": "sha256:03901b4a2ea88eeaad62dbe59b072b28b6efa00491962b8741081c5df50c65e0",
      "Digest": "sha256:9d48c3bd43c520dc2784e868a780e976b207cbf493eaff8c6596eb871cbd9609"
    },
    "SystemInstalledFiles": [
      "lib/libc.musl-x86_64.so.1",
      "lib/ld-musl-x86_64.so.1"
    ]
  },
  {
    "ID": "musl-utils@1.1.22-r3",
    "Name": "musl-utils",
    "Version": "1.1.22-r3",
    "Arch": "x86_64",
    "SrcName": "musl",
    "SrcVersion": "1.1.22-r3",
    "Licenses": [
      "MIT",
      "BSD-3-Clause",
      "GPL-2.0"
    ],
    "DependsOn": [
      "musl@1.1.22-r3",
      "scanelf@1.2.3-r0"
    ],
    "Layer": {
      "DiffID": "sha256:03901b4a2ea88eeaad62dbe59b072b28b6efa00491962b8741081c5df50c65e0",
      "Digest": "sha256:9d48c3bd43c520dc2784e868a780e976b207cbf493eaff8c6596eb871cbd9609"
    },
    "SystemInstalledFiles": [
      "sbin/ldconfig",
      "usr/bin/iconv",
      "usr/bin/ldd",
      "usr/bin/getconf",
      "usr/bin/getent"
    ]
  },
  {
    "ID": "scanelf@1.2.3-r0",
    "Name": "scanelf",
    "Version": "1.2.3-r0",
    "Arch": "x86_64",
    "SrcName": "pax-utils",
    "SrcVersion": "1.2.3-r0",
    "Licenses": [
      "GPL-2.0"
    ],
    "DependsOn": [
      "musl@1.1.22-r3"
    ],
    "Layer": {
      "DiffID": "sha256:03901b4a2ea88eeaad62dbe59b072b28b6efa00491962b8741081c5df50c65e0",
      "Digest": "sha256:9d48c3bd43c520dc2784e868a780e976b207cbf493eaff8c6596eb871cbd9609"
    },
    "SystemInstalledFiles": [
      "usr/bin/scanelf"
    ]
  },
  {
    "ID": "ssl_client@1.30.1-r2",
    "Name": "ssl_client",
    "Version": "1.30.1-r2",
    "Arch": "x86_64",
    "SrcName": "busybox",
    "SrcVersion": "1.30.1-r2",
    "Licenses": [
      "GPL-2.0"
    ],
    "DependsOn": [
      "libtls-standalone@2.9.1-r0",
      "musl@1.1.22-r3"
    ],
    "Layer": {
      "DiffID": "sha256:03901b4a2ea88eeaad62dbe59b072b28b6efa00491962b8741081c5df50c65e0",
      "Digest": "sha256:9d48c3bd43c520dc2784e868a780e976b207cbf493eaff8c6596eb871cbd9609"
    },
    "SystemInstalledFiles": [
      "usr/bin/ssl_client"
    ]
  },
  {
    "ID": "zlib@1.2.11-r1",
    "Name": "zlib",
    "Version": "1.2.11-r1",
    "Arch": "x86_64",
    "SrcName": "zlib",
    "SrcVersion": "1.2.11-r1",
    "Licenses": [
      "Zlib"
    ],
    "DependsOn": [
      "musl@1.1.22-r3"
    ],
    "Layer": {
      "DiffID": "sha256:03901b4a2ea88eeaad62dbe59b072b28b6efa00491962b8741081c5df50c65e0",
      "Digest": "sha256:9d48c3bd43c520dc2784e868a780e976b207cbf493eaff8c6596eb871cbd9609"
    },
    "SystemInstalledFiles": [
      "lib/libz.so.1.2.11",
      "lib/libz.so.1"
    ]
  }
]