{
  "bomFormat": "CycloneDX",
  "specVersion": "1.4",
  "serialNumber": "urn:uuid:9e8c84be-6ee2-4446-ac5b-b449ac99195e",
  "version": 1,
  "metadata": {
    "timestamp": "2023-06-26T14:35:34+00:00",
    "tools": [
      {
        "vendor": "aquasecurity",
        "name": "trivy",
        "version": "dev"
      }
    ],
    "component": {
      "bom-ref": "93b6ec3c-def7-4342-a2ad-c8bdb61eb1f1",
      "type": "application",
      "name": "testdata/fixtures/fs/conda",
      "properties": [
        {
          "name": "aquasecurity:trivy:SchemaVersion",
          "value": "2"
        }
      ]
    }
  },
  "components": [
    {
      "bom-ref": "pkg:conda/openssl@1.1.1q?file_path=miniconda3%2Fenvs%2Ftestenv%2Fconda-meta%2Fopenssl-1.1.1q-h7f8727e_0.json",
      "type": "library",
      "name": "openssl",
      "version": "1.1.1q",
      "licenses": [
        {
          "expression": "OpenSSL"
        }
      ],
      "purl": "pkg:conda/openssl@1.1.1q",
      "properties": [
        {
          "name": "aquasecurity:trivy:FilePath",
          "value": "miniconda3/envs/testenv/conda-meta/openssl-1.1.1q-h7f8727e_0.json"
        },
        {
          "name": "aquasecurity:trivy:PkgType",
          "value": "conda-pkg"
        }
      ]
    },
    {
      "bom-ref": "pkg:conda/pip@22.2.2?file_path=miniconda3%2Fenvs%2Ftestenv%2Fconda-meta%2Fpip-22.2.2-py38h06a4308_0.json",
      "type": "library",
      "name": "pip",
      "version": "22.2.2",
      "licenses": [
        {
          "expression": "MIT"
        }
      ],
      "purl": "pkg:conda/pip@22.2.2",
      "properties": [
        {
          "name": "aquasecurity:trivy:FilePath",
          "value": "miniconda3/envs/testenv/conda-meta/pip-22.2.2-py38h06a4308_0.json"
        },
        {
          "name": "aquasecurity:trivy:PkgType",
          "value": "conda-pkg"
        }
      ]
    }
  ],
  "dependencies": [
    {
      "ref": "93b6ec3c-def7-4342-a2ad-c8bdb61eb1f1",
      "dependsOn": [
        "pkg:conda/openssl@1.1.1q?file_path=miniconda3%2Fenvs%2Ftestenv%2Fconda-meta%2Fopenssl-1.1.1q-h7f8727e_0.json",
        "pkg:conda/pip@22.2.2?file_path=miniconda3%2Fenvs%2Ftestenv%2Fconda-meta%2Fpip-22.2.2-py38h06a4308_0.json"
      ]
    },
    {
      "ref": "pkg:conda/openssl@1.1.1q?file_path=miniconda3%2Fenvs%2Ftestenv%2Fconda-meta%2Fopenssl-1.1.1q-h7f8727e_0.json",
      "dependsOn": []
    },
    {
      "ref": "pkg:conda/pip@22.2.2?file_path=miniconda3%2Fenvs%2Ftestenv%2Fconda-meta%2Fpip-22.2.2-py38h06a4308_0.json",
      "dependsOn": []
    }
  ],
  "vulnerabilities": []
}
